// Vitest Snapshot v1, https://vitest.dev/guide/snapshot.html

exports[`Ch 8 replay: the billing week > locks in the exact replay for all three rules together 1`] = `
[
  {
    "at": 7800000,
    "ruleId": "any-error",
    "ruleName": "Page on any error",
    "severity": "page",
  },
  {
    "at": 24900000,
    "ruleId": "any-error",
    "ruleName": "Page on any error",
    "severity": "page",
  },
  {
    "at": 33600000,
    "ruleId": "any-error",
    "ruleName": "Page on any error",
    "severity": "page",
  },
  {
    "at": 36300000,
    "ruleId": "any-error",
    "ruleName": "Page on any error",
    "severity": "page",
  },
  {
    "at": 58500000,
    "ruleId": "any-error",
    "ruleName": "Page on any error",
    "severity": "page",
  },
  {
    "at": 60600000,
    "ruleId": "any-error",
    "ruleName": "Page on any error",
    "severity": "page",
  },
  {
    "at": 66900000,
    "ruleId": "any-error",
    "ruleName": "Page on any error",
    "severity": "page",
  },
  {
    "at": 118800000,
    "ruleId": "any-error",
    "ruleName": "Page on any error",
    "severity": "page",
  },
  {
    "at": 122100000,
    "ruleId": "any-error",
    "ruleName": "Page on any error",
    "severity": "page",
  },
  {
    "at": 135300000,
    "ruleId": "any-error",
    "ruleName": "Page on any error",
    "severity": "page",
  },
  {
    "at": 146700000,
    "ruleId": "any-error",
    "ruleName": "Page on any error",
    "severity": "page",
  },
  {
    "at": 154800000,
    "ruleId": "any-error",
    "ruleName": "Page on any error",
    "severity": "page",
  },
  {
    "at": 160200000,
    "ruleId": "any-error",
    "ruleName": "Page on any error",
    "severity": "page",
  },
  {
    "at": 171600000,
    "ruleId": "any-error",
    "ruleName": "Page on any error",
    "severity": "page",
  },
  {
    "at": 190800000,
    "ruleId": "any-error",
    "ruleName": "Page on any error",
    "severity": "page",
  },
  {
    "at": 198600000,
    "ruleId": "any-error",
    "ruleName": "Page on any error",
    "severity": "page",
  },
  {
    "at": 205200000,
    "ruleId": "any-error",
    "ruleName": "Page on any error",
    "severity": "page",
  },
  {
    "at": 220800000,
    "ruleId": "any-error",
    "ruleName": "Page on any error",
    "severity": "page",
  },
  {
    "at": 243900000,
    "ruleId": "any-error",
    "ruleName": "Page on any error",
    "severity": "page",
  },
  {
    "at": 247200000,
    "ruleId": "any-error",
    "ruleName": "Page on any error",
    "severity": "page",
  },
  {
    "at": 267600000,
    "ruleId": "any-error",
    "ruleName": "Page on any error",
    "severity": "page",
  },
  {
    "at": 307200000,
    "ruleId": "any-error",
    "ruleName": "Page on any error",
    "severity": "page",
  },
  {
    "at": 309600000,
    "ruleId": "any-error",
    "ruleName": "Page on any error",
    "severity": "page",
  },
  {
    "at": 309900000,
    "ruleId": "burn-rate-14-4",
    "ruleName": "Page when we're burning the budget 14.4x too fast (1h and 5m)",
    "severity": "page",
  },
  {
    "at": 311100000,
    "ruleId": "threshold-5-30",
    "ruleName": "Page if errors > 5% for 30 min",
    "severity": "page",
  },
  {
    "at": 318000000,
    "ruleId": "any-error",
    "ruleName": "Page on any error",
    "severity": "page",
  },
  {
    "at": 333000000,
    "ruleId": "any-error",
    "ruleName": "Page on any error",
    "severity": "page",
  },
  {
    "at": 357600000,
    "ruleId": "any-error",
    "ruleName": "Page on any error",
    "severity": "page",
  },
  {
    "at": 359400000,
    "ruleId": "any-error",
    "ruleName": "Page on any error",
    "severity": "page",
  },
  {
    "at": 395400000,
    "ruleId": "any-error",
    "ruleName": "Page on any error",
    "severity": "page",
  },
  {
    "at": 404400000,
    "ruleId": "any-error",
    "ruleName": "Page on any error",
    "severity": "page",
  },
  {
    "at": 407700000,
    "ruleId": "any-error",
    "ruleName": "Page on any error",
    "severity": "page",
  },
  {
    "at": 435900000,
    "ruleId": "any-error",
    "ruleName": "Page on any error",
    "severity": "page",
  },
  {
    "at": 450300000,
    "ruleId": "any-error",
    "ruleName": "Page on any error",
    "severity": "page",
  },
  {
    "at": 466800000,
    "ruleId": "any-error",
    "ruleName": "Page on any error",
    "severity": "page",
  },
  {
    "at": 498000000,
    "ruleId": "any-error",
    "ruleName": "Page on any error",
    "severity": "page",
  },
  {
    "at": 517200000,
    "ruleId": "any-error",
    "ruleName": "Page on any error",
    "severity": "page",
  },
  {
    "at": 519900000,
    "ruleId": "any-error",
    "ruleName": "Page on any error",
    "severity": "page",
  },
  {
    "at": 525300000,
    "ruleId": "any-error",
    "ruleName": "Page on any error",
    "severity": "page",
  },
  {
    "at": 551700000,
    "ruleId": "any-error",
    "ruleName": "Page on any error",
    "severity": "page",
  },
  {
    "at": 558900000,
    "ruleId": "any-error",
    "ruleName": "Page on any error",
    "severity": "page",
  },
  {
    "at": 574200000,
    "ruleId": "any-error",
    "ruleName": "Page on any error",
    "severity": "page",
  },
  {
    "at": 597900000,
    "ruleId": "any-error",
    "ruleName": "Page on any error",
    "severity": "page",
  },
]
`;
